[backblue.gif]
[fade.gif]
[index.html]
[iconic-themes.com/html/iqoniqtravel/iqoniq-travel-light/images/logo.png]
[iconic-themes.com/html/iqoniqtravel/iqoniq-travel-light/extra-images/banner1.jpg]
[iconic-themes.com/html/iqoniqtravel/iqoniq-travel-light/extra-images/banner2.jpg]
[iconic-themes.com/html/iqoniqtravel/iqoniq-travel-light/extra-images/banner3.jpg]
[iconic-themes.com/html/iqoniqtravel/iqoniq-travel-light/extra-images/destination11.jpg]
[iconic-themes.com/html/iqoniqtravel/iqoniq-travel-light/extra-images/destination12.jpg]
[iconic-themes.com/html/iqoniqtravel/iqoniq-travel-light/extra-images/destination13.jpg]
[iconic-themes.com/html/iqoniqtravel/iqoniq-travel-light/extra-images/destination14.jpg]
[iconic-themes.com/html/iqoniqtravel/iqoniq-travel-light/extra-images/destination15.jpg]
[iconic-themes.com/html/iqoniqtravel/iqoniq-travel-light/extra-images/destination16.jpg]
[iconic-themes.com/html/iqoniqtravel/iqoniq-travel-light/extra-images/usa1.jpg]
[iconic-themes.com/html/iqoniqtravel/iqoniq-travel-light/extra-images/usa3.jpg]
[iconic-themes.com/html/iqoniqtravel/iqoniq-travel-light/extra-images/usa4.jpg]
[iconic-themes.com/html/iqoniqtravel/iqoniq-travel-light/extra-images/usa5.jpg]
[iconic-themes.com/html/iqoniqtravel/iqoniq-travel-light/extra-images/usa6.jpg]
[iconic-themes.com/html/iqoniqtravel/iqoniq-travel-light/extra-images/mexico1.jpg]
[iconic-themes.com/html/iqoniqtravel/iqoniq-travel-light/extra-images/mexico2.jpg]
[iconic-themes.com/html/iqoniqtravel/iqoniq-travel-light/extra-images/mexico3.jpg]
[iconic-themes.com/html/iqoniqtravel/iqoniq-travel-light/extra-images/mexico4.jpg]
[iconic-themes.com/html/iqoniqtravel/iqoniq-travel-light/extra-images/mexico5.jpg]
[iconic-themes.com/html/iqoniqtravel/iqoniq-travel-light/extra-images/mexico6.jpg]
[iconic-themes.com/html/iqoniqtravel/iqoniq-travel-light/extra-images/central1.jpg]
[iconic-themes.com/html/iqoniqtravel/iqoniq-travel-light/extra-images/central2.jpg]
[iconic-themes.com/html/iqoniqtravel/iqoniq-travel-light/extra-images/central3.jpg]
[iconic-themes.com/html/iqoniqtravel/iqoniq-travel-light/extra-images/central4.jpg]
[iconic-themes.com/html/iqoniqtravel/iqoniq-travel-light/extra-images/central5.jpg]
[iconic-themes.com/html/iqoniqtravel/iqoniq-travel-light/extra-images/central6.jpg]
[iconic-themes.com/html/iqoniqtravel/iqoniq-travel-light/extra-images/europe1.jpg]
[iconic-themes.com/html/iqoniqtravel/iqoniq-travel-light/extra-images/europe2.jpg]
[iconic-themes.com/html/iqoniqtravel/iqoniq-travel-light/extra-images/europe3.jpg]
[iconic-themes.com/html/iqoniqtravel/iqoniq-travel-light/extra-images/europe4.jpg]
[iconic-themes.com/html/iqoniqtravel/iqoniq-travel-light/extra-images/europe5.jpg]
[iconic-themes.com/html/iqoniqtravel/iqoniq-travel-light/extra-images/europe6.jpg]
[iconic-themes.com/html/iqoniqtravel/iqoniq-travel-light/extra-images/asia1.jpg]
[iconic-themes.com/html/iqoniqtravel/iqoniq-travel-light/extra-images/asia2.jpg]
[iconic-themes.com/html/iqoniqtravel/iqoniq-travel-light/extra-images/asia3.jpg]
[iconic-themes.com/html/iqoniqtravel/iqoniq-travel-light/extra-images/asia4.jpg]
[iconic-themes.com/html/iqoniqtravel/iqoniq-travel-light/extra-images/asia5.jpg]
[iconic-themes.com/html/iqoniqtravel/iqoniq-travel-light/extra-images/asia6.jpg]
[iconic-themes.com/html/iqoniqtravel/iqoniq-travel-light/extra-images/elsewhere1.jpg]
[iconic-themes.com/html/iqoniqtravel/iqoniq-travel-light/extra-images/elsewhere2.jpg]
[iconic-themes.com/html/iqoniqtravel/iqoniq-travel-light/extra-images/elsewhere3.jpg]
[iconic-themes.com/html/iqoniqtravel/iqoniq-travel-light/extra-images/elsewhere4.jpg]
[iconic-themes.com/html/iqoniqtravel/iqoniq-travel-light/extra-images/elsewhere5.jpg]
[iconic-themes.com/html/iqoniqtravel/iqoniq-travel-light/extra-images/elsewhere6.jpg]
[iconic-themes.com/html/iqoniqtravel/iqoniq-travel-light/extra-images/choose_1.jpg]
[iconic-themes.com/html/iqoniqtravel/iqoniq-travel-light/extra-images/choose_2.jpg]
[iconic-themes.com/html/iqoniqtravel/iqoniq-travel-light/extra-images/choose_3.jpg]
[iconic-themes.com/html/iqoniqtravel/iqoniq-travel-light/extra-images/choose_4.jpg]
[iconic-themes.com/html/iqoniqtravel/iqoniq-travel-light/extra-images/choose_5.jpg]
[iconic-themes.com/html/iqoniqtravel/iqoniq-travel-light/extra-images/choose_6.jpg]
[iconic-themes.com/html/iqoniqtravel/iqoniq-travel-light/extra-images/destination1.jpg]
[iconic-themes.com/html/iqoniqtravel/iqoniq-travel-light/extra-images/destination2.jpg]
[iconic-themes.com/html/iqoniqtravel/iqoniq-travel-light/extra-images/destination3.jpg]
[iconic-themes.com/html/iqoniqtravel/iqoniq-travel-light/extra-images/destination4.jpg]
[iconic-themes.com/html/iqoniqtravel/iqoniq-travel-light/images/web_logo.png]
[iconic-themes.com/html/iqoniqtravel/iqoniq-travel-light/extra-images/destination5.jpg]
[iconic-themes.com/html/iqoniqtravel/iqoniq-travel-light/extra-images/destination7.jpg]
[iconic-themes.com/html/iqoniqtravel/iqoniq-travel-light/extra-images/destination8.jpg]
[iconic-themes.com/html/iqoniqtravel/iqoniq-travel-light/extra-images/destination6.jpg]
[iconic-themes.com/html/iqoniqtravel/iqoniq-travel-light/extra-images/1.jpg]
[iconic-themes.com/html/iqoniqtravel/iqoniq-travel-light/extra-images/2.jpg]
[iconic-themes.com/html/iqoniqtravel/iqoniq-travel-light/extra-images/3.jpg]
[iconic-themes.com/html/iqoniqtravel/iqoniq-travel-light/extra-images/4.jpg]
[iconic-themes.com/html/iqoniqtravel/iqoniq-travel-light/extra-images/5.jpg]
[iconic-themes.com/html/iqoniqtravel/iqoniq-travel-light/extra-images/6.jpg]
[iconic-themes.com/html/iqoniqtravel/iqoniq-travel-light/extra-images/7.jpg]
[iconic-themes.com/html/iqoniqtravel/iqoniq-travel-light/extra-images/8.jpg]
[iconic-themes.com/html/iqoniqtravel/iqoniq-travel-light/extra-images/9.jpg]
[iconic-themes.com/html/iqoniqtravel/iqoniq-travel-light/extra-images/10.jpg]
[iconic-themes.com/html/iqoniqtravel/iqoniq-travel-light/extra-images/blog_medium1.jpg]
[iconic-themes.com/html/iqoniqtravel/iqoniq-travel-light/extra-images/blog_medium2.jpg]
[iconic-themes.com/html/iqoniqtravel/iqoniq-travel-light/extra-images/blog_medium3.jpg]
[iconic-themes.com/html/iqoniqtravel/iqoniq-travel-light/extra-images/price1.jpg]
[iconic-themes.com/html/iqoniqtravel/iqoniq-travel-light/extra-images/price2.jpg]
[iconic-themes.com/html/iqoniqtravel/iqoniq-travel-light/extra-images/price3.jpg]
[iconic-themes.com/html/iqoniqtravel/iqoniq-travel-light/images/ft-logo.png]
[iconic-themes.com/html/iqoniqtravel/iqoniq-travel-light/extra-images/flicker-1.jpg]
[iconic-themes.com/html/iqoniqtravel/iqoniq-travel-light/js/jquery.js]
[iconic-themes.com/html/iqoniqtravel/iqoniq-travel-light/js/bootstrap.js]
[iconic-themes.com/html/iqoniqtravel/iqoniq-travel-light/js/slick.min.js]
[iconic-themes.com/html/iqoniqtravel/iqoniq-travel-light/js/masonry.min.js]
[iconic-themes.com/html/iqoniqtravel/iqoniq-travel-light/js/jquery.datetimepicker.full.js]
[iconic-themes.com/html/iqoniqtravel/iqoniq-travel-light/js/dl-menu/modernizr.custom.js]
[iconic-themes.com/html/iqoniqtravel/iqoniq-travel-light/js/dl-menu/jquery.dlmenu.js]
[iconic-themes.com/html/iqoniqtravel/iqoniq-travel-light/js/custom.js]
[iconic-themes.com/html/iqoniqtravel/iqoniq-travel-light/index.html]
[iconic-themes.com/html/iqoniqtravel/iqoniq-travel-light/fonts/glyphicons-halflings-regular.eot]
[iconic-themes.com/html/iqoniqtravel/iqoniq-travel-light/fonts/glyphicons-halflings-regulard41d.eot]
[iconic-themes.com/html/iqoniqtravel/iqoniq-travel-light/fonts/glyphicons-halflings-regular.woff2]
[iconic-themes.com/html/iqoniqtravel/iqoniq-travel-light/fonts/glyphicons-halflings-regular.woff]
[iconic-themes.com/html/iqoniqtravel/iqoniq-travel-light/fonts/glyphicons-halflings-regular.ttf]
[iconic-themes.com/html/iqoniqtravel/iqoniq-travel-light/css/bootstrap.css]
[iconic-themes.com/html/iqoniqtravel/iqoniq-travel-light/css/typography.css]
[iconic-themes.com/html/iqoniqtravel/iqoniq-travel-light/js/dl-menu/component.css]
[iconic-themes.com/html/iqoniqtravel/iqoniq-travel-light/css/datetimepicker.css]
[iconic-themes.com/html/iqoniqtravel/iqoniq-travel-light/fonts/fontawesome-webfont3e6e.eot]
[iconic-themes.com/html/iqoniqtravel/iqoniq-travel-light/fonts/fontawesome-webfontd41d.eot]
[iconic-themes.com/html/iqoniqtravel/iqoniq-travel-light/fonts/fontawesome-webfont3e6e.woff2]
[iconic-themes.com/html/iqoniqtravel/iqoniq-travel-light/fonts/fontawesome-webfont3e6e.woff]
[iconic-themes.com/html/iqoniqtravel/iqoniq-travel-light/fonts/fontawesome-webfont3e6e.ttf]
[iconic-themes.com/html/iqoniqtravel/iqoniq-travel-light/css/font-awesome.css]
[iconic-themes.com/html/iqoniqtravel/iqoniq-travel-light/fonts/icomoon5843.eot]
[iconic-themes.com/html/iqoniqtravel/iqoniq-travel-light/fonts/icomoon5843.ttf]
[iconic-themes.com/html/iqoniqtravel/iqoniq-travel-light/fonts/icomoon5843.woff]
[iconic-themes.com/html/iqoniqtravel/iqoniq-travel-light/css/svg.css]
[iconic-themes.com/html/iqoniqtravel/iqoniq-travel-light/css/ajax-loader.gif]
[iconic-themes.com/html/iqoniqtravel/iqoniq-travel-light/fonts/slick.eot]
[iconic-themes.com/html/iqoniqtravel/iqoniq-travel-light/fonts/slick.woff]
[iconic-themes.com/html/iqoniqtravel/iqoniq-travel-light/fonts/slick.ttf]
[iconic-themes.com/html/iqoniqtravel/iqoniq-travel-light/css/slick.css]
[iconic-themes.com/html/iqoniqtravel/iqoniq-travel-light/css/widget.css]
[iconic-themes.com/html/iqoniqtravel/iqoniq-travel-light/images/stars.png]
[iconic-themes.com/html/iqoniqtravel/iqoniq-travel-light/images/arrow-down.png]
[iconic-themes.com/html/iqoniqtravel/iqoniq-travel-light/css/shortcode.css]
[iconic-themes.com/html/iqoniqtravel/iqoniq-travel-light/extra-images/sub_banner.jpg]
[iconic-themes.com/html/iqoniqtravel/iqoniq-travel-light/extra-images/choosus_bg.jpg]
[iconic-themes.com/html/iqoniqtravel/iqoniq-travel-light/extra-images/testimonial_bg.png]
[iconic-themes.com/html/iqoniqtravel/iqoniq-travel-light/extra-images/404.jpg]
[iconic-themes.com/html/iqoniqtravel/iqoniq-travel-light/style.css]
[iconic-themes.com/html/iqoniqtravel/iqoniq-travel-light/css/color.css]
[iconic-themes.com/html/iqoniqtravel/iqoniq-travel-light/css/responsive.css]
[iconic-themes.com/html/iqoniqtravel/iqoniq-travel-light/extra-images/aboutus.jpg]
[iconic-themes.com/html/iqoniqtravel/iqoniq-travel-light/extra-images/team2.jpg]
[iconic-themes.com/html/iqoniqtravel/iqoniq-travel-light/extra-images/team3.jpg]
[iconic-themes.com/html/iqoniqtravel/iqoniq-travel-light/about-us.html]
[iconic-themes.com/html/iqoniqtravel/iqoniq-travel-light/extra-images/ourroom1.jpg]
[iconic-themes.com/html/iqoniqtravel/iqoniq-travel-light/extra-images/ourroom3.jpg]
[iconic-themes.com/html/iqoniqtravel/iqoniq-travel-light/extra-images/ourroom4.jpg]
[iconic-themes.com/html/iqoniqtravel/iqoniq-travel-light/extra-images/ourroom5.jpg]
[iconic-themes.com/html/iqoniqtravel/iqoniq-travel-light/extra-images/ourroom6.jpg]
[iconic-themes.com/html/iqoniqtravel/iqoniq-travel-light/extra-images/recent_blog.jpg]
[iconic-themes.com/html/iqoniqtravel/iqoniq-travel-light/our-rooms.html]
[iconic-themes.com/html/iqoniqtravel/iqoniq-travel-light/extra-images/room-slider.jpg]
[iconic-themes.com/html/iqoniqtravel/iqoniq-travel-light/extra-images/room-slider2.jpg]
[iconic-themes.com/html/iqoniqtravel/iqoniq-travel-light/extra-images/room-slider3.jpg]
[iconic-themes.com/html/iqoniqtravel/iqoniq-travel-light/extra-images/room-slider4.jpg]
[iconic-themes.com/html/iqoniqtravel/iqoniq-travel-light/extra-images/room-slider5.jpg]
[iconic-themes.com/html/iqoniqtravel/iqoniq-travel-light/extra-images/room-slider6.jpg]
[iconic-themes.com/html/iqoniqtravel/iqoniq-travel-light/extra-images/room-slider-nav.jpg]
[iconic-themes.com/html/iqoniqtravel/iqoniq-travel-light/extra-images/room-slider-nav2.jpg]
[iconic-themes.com/html/iqoniqtravel/iqoniq-travel-light/extra-images/room-slider-nav3.jpg]
[iconic-themes.com/html/iqoniqtravel/iqoniq-travel-light/extra-images/room-slider-nav4.jpg]
[iconic-themes.com/html/iqoniqtravel/iqoniq-travel-light/extra-images/room-slider-nav5.jpg]
[iconic-themes.com/html/iqoniqtravel/iqoniq-travel-light/extra-images/room-slider-nav6.jpg]
[iconic-themes.com/html/iqoniqtravel/iqoniq-travel-light/extra-images/comment_user1.jpg]
[iconic-themes.com/html/iqoniqtravel/iqoniq-travel-light/extra-images/accordianimg.jpg]
[iconic-themes.com/html/iqoniqtravel/iqoniq-travel-light/js/jquery.accordion.js]
[iconic-themes.com/html/iqoniqtravel/iqoniq-travel-light/room-detail.html]
[iconic-themes.com/html/iqoniqtravel/iqoniq-travel-light/blog-medium-grid.html]
[iconic-themes.com/html/iqoniqtravel/iqoniq-travel-light/extra-images/news_grid.jpg]
[iconic-themes.com/html/iqoniqtravel/iqoniq-travel-light/extra-images/news_grid2.jpg]
[iconic-themes.com/html/iqoniqtravel/iqoniq-travel-light/extra-images/news_grid3.jpg]
[iconic-themes.com/html/iqoniqtravel/iqoniq-travel-light/extra-images/news_grid4.jpg]
[iconic-themes.com/html/iqoniqtravel/iqoniq-travel-light/extra-images/news_grid5.jpg]
[iconic-themes.com/html/iqoniqtravel/iqoniq-travel-light/extra-images/news_grid6.jpg]
[iconic-themes.com/html/iqoniqtravel/iqoniq-travel-light/extra-images/news_grid7.jpg]
[iconic-themes.com/html/iqoniqtravel/iqoniq-travel-light/extra-images/news_grid8.jpg]
[iconic-themes.com/html/iqoniqtravel/iqoniq-travel-light/extra-images/news_grid9.jpg]
[iconic-themes.com/html/iqoniqtravel/iqoniq-travel-light/blog-medium-grid3.html]
[iconic-themes.com/html/iqoniqtravel/iqoniq-travel-light/blog-listing.html]
[iconic-themes.com/html/iqoniqtravel/iqoniq-travel-light/extra-images/blog-full2.jpg]
[iconic-themes.com/html/iqoniqtravel/iqoniq-travel-light/extra-images/blog-full3.jpg]
[iconic-themes.com/html/iqoniqtravel/iqoniq-travel-light/extra-images/blog-full4.jpg]
[iconic-themes.com/html/iqoniqtravel/iqoniq-travel-light/blog-full.html]
[iconic-themes.com/html/iqoniqtravel/iqoniq-travel-light/blog-detail.html]
[iconic-themes.com/html/iqoniqtravel/iqoniq-travel-light/top-destinations.html]
[iconic-themes.com/html/iqoniqtravel/iqoniq-travel-light/js/waypoints-min.js]
[iconic-themes.com/html/iqoniqtravel/iqoniq-travel-light/404.html]
[iconic-themes.com/html/iqoniqtravel/iqoniq-travel-light/js/downCount.js]
[iconic-themes.com/html/iqoniqtravel/iqoniq-travel-light/comingsoon.html]
[iconic-themes.com/html/iqoniqtravel/iqoniq-travel-light/contact-us.html]
[iconic-themes.com/html/iqoniqtravel/iqoniq-travel-light/contact-us2.html]
[iconic-themes.com/html/iqoniqtravel/iqoniq-travel-light/fonts/glyphicons-halflings-regular.svg]
[iconic-themes.com/html/iqoniqtravel/iqoniq-travel-light/fonts/fontawesome-webfont3e6e.svg]
[iconic-themes.com/html/iqoniqtravel/iqoniq-travel-light/fonts/icomoon5843.svg]
[iconic-themes.com/html/iqoniqtravel/iqoniq-travel-light/fonts/slick.svg]
[iconic-themes.com/html/iqoniqtravel/iqoniq-travel-light/extra-images/usa2.jpg]
[iconic-themes.com/html/iqoniqtravel/iqoniq-travel-light/js/scripts.js]
[iconic-themes.com/html/iqoniqtravel/iqoniq-travel-light/images/tick.png]
[iconic-themes.com/html/iqoniqtravel/iqoniq-travel-light/fonts/slickd41d.eot]
[iconic-themes.com/html/iqoniqtravel/iqoniq-travel-light/extra-images/ourroom2.jpg]
[iconic-themes.com/html/iqoniqtravel/iqoniq-travel-light/extra-images/news_grid7.jpg]
[iconic-themes.com/html/iqoniqtravel/iqoniq-travel-light/extra-images/news_grid8.jpg]
[iconic-themes.com/html/iqoniqtravel/iqoniq-travel-light/extra-images/blog_listing1.jpg]
[iconic-themes.com/html/iqoniqtravel/iqoniq-travel-light/extra-images/blog_listing2.jpg]
[iconic-themes.com/html/iqoniqtravel/iqoniq-travel-light/extra-images/blog_listing3.jpg]
[iconic-themes.com/html/iqoniqtravel/iqoniq-travel-light/css/slick-theme.html]
[iconic-themes.com/html/iqoniqtravel/iqoniq-travel-light/css/svg-icons.html]
[iconic-themes.com/html/iqoniqtravel/iqoniq-travel-light/js/isotope.html]
[iconic-themes.com/html/iqoniqtravel/iqoniq-travel-light/js/fit-columns.html]
[iconic-themes.com/html/iqoniqtravel/iqoniq-travel-light/extra-images/comingsoon_bg.jpg]
[iconic-themes.com/html/iqoniqtravel/iqoniq-travel-light/extra-images/blog-full.jpg]
[iconic-themes.com/html/iqoniqtravel/iqoniq-travel-light/extra-images/team1.jpg]
